// Jest Snapshot v1, https://goo.gl/fbAQLP

exports[`Baseball card Matches snapshot 1`] = `
<div class="column is-one-third flip-container">
    <div class="flipper">
        <div class="front"><svg></svg></div>
        <div class="back"><svg></svg></div> <svg class="contents">
            <foreignObject width="100%" height="100%">

                <body>
                    <div class="stats">
                        <h3>
                            John Doe
                            <span class="ward-ordinal">
                                1st Ward

                            </span></h3>
                        <dl><dt>Voters (D)</dt>
                            <dd>1,000</dd> <dt>Turnout (D)</dt>
                            <dd>40%</dd> <dt>Vacancies</dt>
                            <dd>35</dd>
                        </dl>
                        <!---->
                    </div>
                </body>
            </foreignObject>
        </svg>
    </div>
</div>
`;
